<?xml version="1.0" encoding="UTF-8"?>
<testsuites name="Mocha Tests" time="0.001" tests="4" failures="0">
  <testsuite name="Root Suite" timestamp="2019-01-13T12:03:40" tests="0" failures="0" time="0">
  </testsuite>
  <testsuite name="Test ScoreCardController" timestamp="2019-01-13T12:03:40" tests="4" file="/Users/frank/Projects/myScores-Node/test/scorecardControllerTest.js" failures="0" time="0.001">
    <testcase name="Test ScoreCardController should get correct Vorgabe with Spielvogabe -47" time="0.001" classname="should get correct Vorgabe with Spielvogabe -47">
    </testcase>
    <testcase name="Test ScoreCardController should get correct Vorgabe with Spielvogabe -49" time="0" classname="should get correct Vorgabe with Spielvogabe -49">
    </testcase>
    <testcase name="Test ScoreCardController should get correct Vorgabe with Spielvorgabe -17" time="0" classname="should get correct Vorgabe with Spielvorgabe -17">
    </testcase>
    <testcase name="Test ScoreCardController should get correct Vorgabe with Spielvorgabe -5" time="0" classname="should get correct Vorgabe with Spielvorgabe -5">
    </testcase>
  </testsuite>
</testsuites>